// Jest Snapshot v1, https://goo.gl/fbAQLP

exports[`<ProfileScreen/> renders the profile screen snapshot 1`] = `
<View
  style={
    Object {
      "backgroundColor": "#eeeeee",
      "flex": 1,
    }
  }
/>
`;
